/TEST_OUTPUT/workspace/main.go
Diagnostics in File: 1
ERROR at L9:C9: cannot use 3 (untyped int constant) as string value in return statement (Source: compiler, Code: IncompatibleAssign)

 7|	return "Hello, World!"
 8|	fmt.Println("Unreachable code") // This is unreachable code
 9|	return 3
10|}
11|
